Archive member included because of file (symbol)

../../libti99/libti99.a(vdp_setgraphics.o)
                              quickplay.o (set_graphics)
../../libti99/libti99.a(vdp_setmode.o)
                              quickplay.o (gImage)
../../libti99/libti99.a(vdp_memset.o)
                              quickplay.o (vdpmemset)
../../libti99/libti99.a(vdp_charsetlc.o)
                              quickplay.o (charsetlc)
../../libti99/libti99.a(tiplayer.o)
                              quickplay.o (stinit)
../../libti99/libti99.a(player.o)
                              quickplay.o (pDone)
../../libti99/libti99.a(vdp_waitvint.o)
                              quickplay.o (vdpwaitvint)
../../libti99/libti99.a(vdp_char.o)
                              ../../libti99/libti99.a(vdp_setgraphics.o) (vdpchar_default)
../../libti99/libti99.a(vdp_scrnscroll.o)
                              ../../libti99/libti99.a(vdp_setgraphics.o) (scrn_scroll_default)
../../libti99/libti99.a(vdp_textdefs.o)
                              ../../libti99/libti99.a(vdp_setgraphics.o) (nTextRow)
../../libti99/libti99.a(vdp_memcpy.o)
                              ../../libti99/libti99.a(vdp_charsetlc.o) (vdpmemcpy)
../../libti99/libti99.a(vdp_gplvdp.o)
                              ../../libti99/libti99.a(vdp_charsetlc.o) (gplvdp)
../../libti99/libti99.a(vdp_memread.o)
                              ../../libti99/libti99.a(vdp_scrnscroll.o) (vdpmemread)
../../libti99/libti99.a(conio_bgcolor.o)
                              ../../libti99/libti99.a(vdp_scrnscroll.o) (conio_scrnCol)

Memory Configuration

Name             Origin             Length             Attributes
*default*        0x0000000000000000 0xffffffffffffffff

Linker script and memory map

LOAD crt0_ea5.o
LOAD quickplay.o
LOAD ../../libti99/libti99.a
Address of section .text set to 0x2100
Address of section .data set to 0x3000
                0x000000000000a000                PROVIDE (__executable_start, 0xa000)
                0x000000000000a074                . = (0xa000 + SIZEOF_HEADERS)

.interp
 *(.interp)

.note.gnu.build-id
 *(.note.gnu.build-id)

.hash
 *(.hash)

.gnu.hash
 *(.gnu.hash)

.dynsym
 *(.dynsym)

.dynstr
 *(.dynstr)

.gnu.version
 *(.gnu.version)

.gnu.version_d
 *(.gnu.version_d)

.gnu.version_r
 *(.gnu.version_r)

.rel.init
 *(.rel.init)

.rela.init
 *(.rela.init)

.rel.text
 *(.rel.text .rel.text.* .rel.gnu.linkonce.t.*)

.rela.text
 *(.rela.text .rela.text.* .rela.gnu.linkonce.t.*)

.rel.fini
 *(.rel.fini)

.rela.fini
 *(.rela.fini)

.rel.rodata
 *(.rel.rodata .rel.rodata.* .rel.gnu.linkonce.r.*)

.rela.rodata
 *(.rela.rodata .rela.rodata.* .rela.gnu.linkonce.r.*)

.rel.data.rel.ro
 *(.rel.data.rel.ro* .rel.gnu.linkonce.d.rel.ro.*)

.rela.data.rel.ro
 *(.rela.data.rel.ro* .rela.gnu.linkonce.d.rel.ro.*)

.rel.data
 *(.rel.data .rel.data.* .rel.gnu.linkonce.d.*)

.rela.data
 *(.rela.data .rela.data.* .rela.gnu.linkonce.d.*)

.rel.tdata
 *(.rel.tdata .rel.tdata.* .rel.gnu.linkonce.td.*)

.rela.tdata
 *(.rela.tdata .rela.tdata.* .rela.gnu.linkonce.td.*)

.rel.tbss
 *(.rel.tbss .rel.tbss.* .rel.gnu.linkonce.tb.*)

.rela.tbss
 *(.rela.tbss .rela.tbss.* .rela.gnu.linkonce.tb.*)

.rel.ctors
 *(.rel.ctors)

.rela.ctors
 *(.rela.ctors)

.rel.dtors
 *(.rel.dtors)

.rela.dtors
 *(.rela.dtors)

.rel.got
 *(.rel.got)

.rela.got
 *(.rela.got)

.rel.sdata
 *(.rel.sdata .rel.sdata.* .rel.gnu.linkonce.s.*)

.rela.sdata
 *(.rela.sdata .rela.sdata.* .rela.gnu.linkonce.s.*)

.rel.sbss
 *(.rel.sbss .rel.sbss.* .rel.gnu.linkonce.sb.*)

.rela.sbss
 *(.rela.sbss .rela.sbss.* .rela.gnu.linkonce.sb.*)

.rel.sdata2
 *(.rel.sdata2 .rel.sdata2.* .rel.gnu.linkonce.s2.*)

.rela.sdata2
 *(.rela.sdata2 .rela.sdata2.* .rela.gnu.linkonce.s2.*)

.rel.sbss2
 *(.rel.sbss2 .rel.sbss2.* .rel.gnu.linkonce.sb2.*)

.rela.sbss2
 *(.rela.sbss2 .rela.sbss2.* .rela.gnu.linkonce.sb2.*)

.rel.bss
 *(.rel.bss .rel.bss.* .rel.gnu.linkonce.b.*)

.rela.bss
 *(.rela.bss .rela.bss.* .rela.gnu.linkonce.b.*)

.rel.plt
 *(.rel.plt)

.rela.plt
 *(.rela.plt)

.init
 *(.init)

.plt
 *(.plt)

.text           0x0000000000002100      0xb6e
 *(.text .stub .text.* .gnu.linkonce.t.*)
 .text          0x0000000000002100       0x40 crt0_ea5.o
                0x0000000000002100                _start
                0x0000000000002136                _init_data
 .text          0x0000000000002140      0x3f1 quickplay.o
                0x0000000000002211                textout
                0x0000000000002140                main
                0x0000000000002210                dummy
 *fill*         0x0000000000002531        0x1 00000000
 .text          0x0000000000002532       0xd6 ../../libti99/libti99.a(vdp_setgraphics.o)
                0x0000000000002532                set_graphics_raw
                0x00000000000025ea                set_graphics
 .text          0x0000000000002608        0x0 ../../libti99/libti99.a(vdp_setmode.o)
 .text          0x0000000000002608       0x2a ../../libti99/libti99.a(vdp_memset.o)
                0x0000000000002608                vdpmemset
 .text          0x0000000000002632      0x126 ../../libti99/libti99.a(vdp_charsetlc.o)
                0x0000000000002660                TrueLowerCase
                0x0000000000002632                charsetlc
 .text          0x0000000000002758      0x25e ../../libti99/libti99.a(tiplayer.o)
                0x000000000000280c                stinit
                0x00000000000028a0                stplay
                0x00000000000028a0                timingin
                0x00000000000029b4                timingout
                0x0000000000002874                ststop
 .text          0x00000000000029b6       0x18 ../../libti99/libti99.a(player.o)
                0x00000000000029c8                pVoice
                0x00000000000029b6                stcount
                0x00000000000029ca                pVol
                0x00000000000029cc                pDone
 .text          0x00000000000029ce       0x1c ../../libti99/libti99.a(vdp_waitvint.o)
                0x00000000000029ce                vdpwaitvint
 .text          0x00000000000029ea       0x1c ../../libti99/libti99.a(vdp_char.o)
                0x00000000000029ea                vdpchar_default
 .text          0x0000000000002a06      0x106 ../../libti99/libti99.a(vdp_scrnscroll.o)
                0x0000000000002a06                scrn_scroll_default
 .text          0x0000000000002b0c        0x0 ../../libti99/libti99.a(vdp_textdefs.o)
 .text          0x0000000000002b0c       0x2c ../../libti99/libti99.a(vdp_memcpy.o)
                0x0000000000002b0c                vdpmemcpy
 .text          0x0000000000002b38       0x88 ../../libti99/libti99.a(vdp_gplvdp.o)
                0x0000000000002b38                gplvdp
 .text          0x0000000000002bc0       0x26 ../../libti99/libti99.a(vdp_memread.o)
                0x0000000000002bc0                vdpmemread
 .text          0x0000000000002be6       0x88 ../../libti99/libti99.a(conio_bgcolor.o)
                0x0000000000002c6a                reverse
                0x0000000000002c66                bordercolor
                0x0000000000002be6                bgcolor
                0x0000000000002c24                textcolor
 *(.gnu.warning)

.fini
 *(.fini)
                0x0000000000002c6e                PROVIDE (__etext, .)
                0x0000000000002c6e                PROVIDE (_etext, .)
                0x0000000000002c6e                PROVIDE (etext, .)

.rodata
 *(.rodata .rodata.* .gnu.linkonce.r.*)

.rodata1
 *(.rodata1)

.sdata2
 *(.sdata2 .sdata2.* .gnu.linkonce.s2.*)

.sbss2
 *(.sbss2 .sbss2.* .gnu.linkonce.sb2.*)

.eh_frame_hdr
 *(.eh_frame_hdr)

.eh_frame
 *(.eh_frame)

.gcc_except_table
 *(.gcc_except_table .gcc_except_table.*)
                0x0000000000005a6e                . = (ALIGN (0x200) + (. & 0xffffffffffffffff))

.eh_frame
 *(.eh_frame)

.gcc_except_table
 *(.gcc_except_table .gcc_except_table.*)

.tdata
 *(.tdata .tdata.* .gnu.linkonce.td.*)

.tbss
 *(.tbss .tbss.* .gnu.linkonce.tb.*)
 *(.tcommon)

.preinit_array  0x0000000000005a6e        0x0
                0x0000000000005a6e                PROVIDE (__preinit_array_start, .)
 *(.preinit_array)
                0x0000000000005a6e                PROVIDE (__preinit_array_end, .)

.init_array     0x0000000000005a6e        0x0
                0x0000000000005a6e                PROVIDE (__init_array_start, .)
 *(SORT(.init_array.*))
 *(.init_array)
                0x0000000000005a6e                PROVIDE (__init_array_end, .)

.fini_array     0x0000000000005a6e        0x0
                0x0000000000005a6e                PROVIDE (__fini_array_start, .)
 *(.fini_array)
 *(SORT(.fini_array.*))
                0x0000000000005a6e                PROVIDE (__fini_array_end, .)

.ctors
 *crtbegin.o(.ctors)
 *crtbegin?.o(.ctors)
 *(EXCLUDE_FILE(*crtend?.o *crtend.o) .ctors)
 *(SORT(.ctors.*))
 *(.ctors)

.dtors
 *crtbegin.o(.dtors)
 *crtbegin?.o(.dtors)
 *(EXCLUDE_FILE(*crtend?.o *crtend.o) .dtors)
 *(SORT(.dtors.*))
 *(.dtors)

.jcr
 *(.jcr)

.data.rel.ro
 *(.data.rel.ro.local* .gnu.linkonce.d.rel.ro.local.*)
 *(.data.rel.ro* .gnu.linkonce.d.rel.ro.*)

.dynamic
 *(.dynamic)

.data           0x0000000000003000       0x80
 *(.data .data.* .gnu.linkonce.d.*)
 .data          0x0000000000003000        0x0 crt0_ea5.o
 .data          0x0000000000003000        0x0 quickplay.o
 .data          0x0000000000003000        0x0 ../../libti99/libti99.a(vdp_setgraphics.o)
 .data          0x0000000000003000        0x6 ../../libti99/libti99.a(vdp_setmode.o)
                0x0000000000003000                gColor
                0x0000000000003004                gSprite
                0x0000000000003002                gPattern
 .data          0x0000000000003006        0x0 ../../libti99/libti99.a(vdp_memset.o)
 .data          0x0000000000003006        0x0 ../../libti99/libti99.a(vdp_charsetlc.o)
 .data          0x0000000000003006       0x74 ../../libti99/libti99.a(tiplayer.o)
                0x0000000000003078                atten
 .data          0x000000000000307a        0x0 ../../libti99/libti99.a(player.o)
 .data          0x000000000000307a        0x0 ../../libti99/libti99.a(vdp_waitvint.o)
 .data          0x000000000000307a        0x2 ../../libti99/libti99.a(vdp_char.o)
                0x000000000000307a                vdpchar
 .data          0x000000000000307c        0x2 ../../libti99/libti99.a(vdp_scrnscroll.o)
                0x000000000000307c                scrn_scroll
 .data          0x000000000000307e        0x0 ../../libti99/libti99.a(vdp_textdefs.o)
 .data          0x000000000000307e        0x0 ../../libti99/libti99.a(vdp_memcpy.o)
 .data          0x000000000000307e        0x0 ../../libti99/libti99.a(vdp_gplvdp.o)
 .data          0x000000000000307e        0x0 ../../libti99/libti99.a(vdp_memread.o)
 .data          0x000000000000307e        0x2 ../../libti99/libti99.a(conio_bgcolor.o)
                0x000000000000307e                conio_scrnCol

.data1
 *(.data1)

.got
 *(.got.plt)
 *(.got)

.sdata
 *(.sdata .sdata.* .gnu.linkonce.s.*)
                0x0000000000003080                _edata = .
                0x0000000000003080                PROVIDE (edata, .)
                0x0000000000003080                __bss_start = .

.sbss
 *(.dynsbss)
 *(.sbss .sbss.* .gnu.linkonce.sb.*)
 *(.scommon)

.bss            0x0000000000003080        0xc
 *(.dynbss)
 *(.bss .bss.* .gnu.linkonce.b.*)
 .bss           0x0000000000003080        0x0 crt0_ea5.o
 .bss           0x0000000000003080        0x0 quickplay.o
 .bss           0x0000000000003080        0x0 ../../libti99/libti99.a(vdp_setgraphics.o)
 .bss           0x0000000000003080        0x4 ../../libti99/libti99.a(vdp_setmode.o)
                0x0000000000003080                gImage
                0x0000000000003082                gSpritePat
 .bss           0x0000000000003084        0x0 ../../libti99/libti99.a(vdp_memset.o)
 .bss           0x0000000000003084        0x0 ../../libti99/libti99.a(vdp_charsetlc.o)
 .bss           0x0000000000003084        0x0 ../../libti99/libti99.a(tiplayer.o)
 .bss           0x0000000000003084        0x0 ../../libti99/libti99.a(player.o)
 .bss           0x0000000000003084        0x1 ../../libti99/libti99.a(vdp_waitvint.o)
                0x0000000000003084                gSaveIntCnt
 .bss           0x0000000000003085        0x0 ../../libti99/libti99.a(vdp_char.o)
 .bss           0x0000000000003085        0x0 ../../libti99/libti99.a(vdp_scrnscroll.o)
 *fill*         0x0000000000003085        0x1 00
 .bss           0x0000000000003086        0x6 ../../libti99/libti99.a(vdp_textdefs.o)
                0x0000000000003086                nTextRow
                0x0000000000003088                nTextEnd
                0x000000000000308a                nTextPos
 .bss           0x000000000000308c        0x0 ../../libti99/libti99.a(vdp_memcpy.o)
 .bss           0x000000000000308c        0x0 ../../libti99/libti99.a(vdp_gplvdp.o)
 .bss           0x000000000000308c        0x0 ../../libti99/libti99.a(vdp_memread.o)
 .bss           0x000000000000308c        0x0 ../../libti99/libti99.a(conio_bgcolor.o)
 *(COMMON)
                0x000000000000308c                . = ALIGN ((. != 0x0)?0x4:0x1)
                0x000000000000308c                . = ALIGN (0x4)
                0x000000000000308c                . = ALIGN (0x4)
                0x000000000000308c                _end = .
                0x000000000000308c                PROVIDE (end, .)

.stab
 *(.stab)

.stabstr
 *(.stabstr)

.stab.excl
 *(.stab.excl)

.stab.exclstr
 *(.stab.exclstr)

.stab.index
 *(.stab.index)

.stab.indexstr
 *(.stab.indexstr)

.comment
 *(.comment)

.debug
 *(.debug)

.line
 *(.line)

.debug_srcinfo
 *(.debug_srcinfo)

.debug_sfnames
 *(.debug_sfnames)

.debug_aranges
 *(.debug_aranges)

.debug_pubnames
 *(.debug_pubnames)

.debug_info
 *(.debug_info .gnu.linkonce.wi.*)

.debug_abbrev
 *(.debug_abbrev)

.debug_line
 *(.debug_line)

.debug_frame
 *(.debug_frame)

.debug_str
 *(.debug_str)

.debug_loc
 *(.debug_loc)

.debug_macinfo
 *(.debug_macinfo)

.debug_weaknames
 *(.debug_weaknames)

.debug_funcnames
 *(.debug_funcnames)

.debug_typenames
 *(.debug_typenames)

.debug_varnames
 *(.debug_varnames)

.debug_pubtypes
 *(.debug_pubtypes)

.debug_ranges
 *(.debug_ranges)

.gnu.attributes
 *(.gnu.attributes)

/DISCARD/
 *(.note.GNU-stack)
 *(.gnu_debuglink)
OUTPUT(quikplay.ea5.elf elf32-tms9900)
